cmake_minimum_required(VERSION 3.8)
project(temperature_monitor)

# Find dependencies
find_package(ament_cmake REQUIRED)
find_package(rclcpp REQUIRED)
find_package(sensor_msgs REQUIRED)  # for sensor_msgs/msg/Temperature
find_package(std_msgs REQUIRED)

add_executable(temperature_publisher src/temperature_publisher.cpp)
ament_target_dependencies(temperature_publisher rclcpp sensor_msgs)

add_executable(temperature_subscriber src/temperature_subscriber.cpp)
ament_target_dependencies(temperature_subscriber rclcpp sensor_msgs)

install(TARGETS
  temperature_publisher
  temperature_subscriber
  DESTINATION lib/${PROJECT_NAME}
)

ament_package()
