<?xml version="1.0"?>
<package format="2">
  <name>temperature_monitor</name>
  <version>0.0.0</version>
  <description>ROS 2 package demonstrating publisher/subscriber with temperature data</description>
  <maintainer email="you@example.com">Your Name</maintainer>
  <license>Apache License 2.0</license>

  <!-- Build tool dependencies -->
  <buildtool_depend>ament_cmake</buildtool_depend>

  <!-- Run-time dependencies (rclcpp, sensor_msgs, etc.) -->
  <depend>rclcpp</depend>
  <depend>sensor_msgs</depend>
  <depend>std_msgs</depend>

  <export>
    <build_type>ament_cmake</build_type>
  </export>
</package>
