<?xml version="1.0"?>
<package format="3">
  <name>area_service</name>
  <version>0.0.1</version>
  <description>ROS2 package providing an area calculation service</description>

  <maintainer email="khaledgabr77@gmail.com">Khaled</maintainer>
  <license>Apache-2.0</license>

  <buildtool_depend>ament_cmake</buildtool_depend>

  <depend>rclcpp</depend>
  <depend>area_interfaces</depend>

  <export>
    <build_type>ament_cmake</build_type>
  </export>
</package>
